ERROR: /rules/curly.ts[4, 3]: if statements must be braced
ERROR: /users/nicosantangelo/work/decentralandia/dcl-tslint-config-standard/test/rules/handle-callback-err.ts[1, 21]: Expected error to be handled
ERROR: /users/nicosantangelo/work/decentralandia/dcl-tslint-config-standard/test/rules/import-spacing.ts[1, 7]: missing whitespace
ERROR: /users/nicosantangelo/work/decentralandia/dcl-tslint-config-standard/test/rules/import-spacing.ts[1, 7]: A space is required after '{'
ERROR: /users/nicosantangelo/work/decentralandia/dcl-tslint-config-standard/test/rules/import-spacing.ts[1, 22]: A space is required before '}'
ERROR: /users/nicosantangelo/work/decentralandia/dcl-tslint-config-standard/test/rules/import-spacing.ts[2, 1]: 'findRule' is declared but its value is never read.
ERROR: /users/nicosantangelo/work/decentralandia/dcl-tslint-config-standard/test/rules/import-spacing.ts[2, 8]: A space is required after '{'
ERROR: /users/nicosantangelo/work/decentralandia/dcl-tslint-config-standard/test/rules/import-spacing.ts[2, 17]: A space is required before '}'
ERROR: /users/nicosantangelo/work/decentralandia/dcl-tslint-config-standard/test/rules/no-constant-condition.ts[1, 5]: unexpected constant condition
ERROR: /users/nicosantangelo/work/decentralandia/dcl-tslint-config-standard/test/rules/no-inner-declarations.ts[4, 3]: move function declaration to program root
ERROR: /users/nicosantangelo/work/decentralandia/dcl-tslint-config-standard/test/rules/no-inner-declarations.ts[4, 12]: 'test' is declared but its value is never read.
ERROR: /users/nicosantangelo/work/decentralandia/dcl-tslint-config-standard/test/rules/no-inner-declarations.ts[4, 20]: block is empty
ERROR: /users/nicosantangelo/work/decentralandia/dcl-tslint-config-standard/test/rules/no-multi-spaces.ts[1, 22]: Multiple spaces found before 'true'.
ERROR: /users/nicosantangelo/work/decentralandia/dcl-tslint-config-standard/test/rules/object-destruct-spacing.ts[1, 13]: A space is required after '{'
ERROR: /users/nicosantangelo/work/decentralandia/dcl-tslint-config-standard/test/rules/object-destruct-spacing.ts[1, 19]: A space is required before '}'
ERROR: /users/nicosantangelo/work/decentralandia/dcl-tslint-config-standard/test/rules/object-destruct-spacing.ts[1, 26]: A space is required after '{'
ERROR: /users/nicosantangelo/work/decentralandia/dcl-tslint-config-standard/test/rules/object-destruct-spacing.ts[1, 32]: A space is required before '}'
ERROR: /users/nicosantangelo/work/decentralandia/dcl-tslint-config-standard/test/rules/semicolon.ts[1, 24]: Unnecessary semicolon
ERROR: /users/nicosantangelo/work/decentralandia/dcl-tslint-config-standard/test/rules/space-within-parens.ts[1, 16]: Whitespace within parentheses is not allowed
ERROR: /users/nicosantangelo/work/decentralandia/dcl-tslint-config-standard/test/rules/space-within-parens.ts[1, 21]: Whitespace within parentheses is not allowed
ERROR: /users/nicosantangelo/work/decentralandia/dcl-tslint-config-standard/test/rules/ter-arrow-spacing.ts[5, 10]: Multiple spaces found before '=>'.
ERROR: /users/nicosantangelo/work/decentralandia/dcl-tslint-config-standard/test/rules/ter-indent.ts[11, 1]: Expected indentation of 2 spaces but found 3.
ERROR: /users/nicosantangelo/work/decentralandia/dcl-tslint-config-standard/test/rules/trailing-comma.ts[3, 7]: Unnecessary trailing comma